45.155.205.84 - - [29/Apr/2021:23:59:45 +0000] "GET /index.php?s=/Index/\\think\\app/invokefunction&function=call_user_func_array&vars[0]=md5&vars[1][]=HelloThinkPHP21 HTTP/1.1" 404 7639 "-" "Mozilla/5.0 (Windows NT 10.0; Win64; x64) AppleWebKit/537.36 (KHTML, like Gecko) Chrome/78.0.3904.108 Safari/537.36"
45.155.205.84 - - [29/Apr/2021:23:59:46 +0000] "GET /wp-content/plugins/wp-file-manager/readme.txt HTTP/1.1" 404 7628 "-" "Mozilla/5.0 (Windows NT 10.0; Win64; x64) AppleWebKit/537.36 (KHTML, like Gecko) Chrome/78.0.3904.108 Safari/537.36"
45.155.205.84 - - [29/Apr/2021:23:59:48 +0000] "GET /console/ HTTP/1.1" 404 7517 "-" "Mozilla/5.0 (Windows NT 10.0; Win64; x64) AppleWebKit/537.36 (KHTML, like Gecko) Chrome/78.0.3904.108 Safari/537.36"
45.155.205.84 - - [29/Apr/2021:23:59:54 +0000] "GET /_ignition/execute-solution HTTP/1.1" 404 7571 "-" "Mozilla/5.0 (Windows NT 10.0; Win64; x64) AppleWebKit/537.36 (KHTML, like Gecko) Chrome/78.0.3904.108 Safari/537.36"
45.155.205.84 - - [29/Apr/2021:23:59:55 +0000] "POST /Autodiscover/Autodiscover.xml HTTP/1.1" 404 7581 "-" "Mozilla/5.0 (Windows NT 10.0; Win64; x64) AppleWebKit/537.36 (KHTML, like Gecko) Chrome/78.0.3904.108 Safari/537.36"
66.249.79.247 - - [30/Apr/2021:00:29:55 +0000] "GET /static/main/css/materialize.css HTTP/1.1" 200 30553 "https://honestynetwork.ca/" "Mozilla/5.0 (Linux; Android 6.0.1; Nexus 5X Build/MMB29P) AppleWebKit/537.36 (KHTML, like Gecko) Chrome/89.0.4389.130 Mobile Safari/537.36 (compatible; Googlebot/2.1; +http://www.google.com/bot.html)"
66.249.79.247 - - [30/Apr/2021:00:29:56 +0000] "GET /static/main/js/bin/materialize.min.js HTTP/1.1" 200 43273 "https://honestynetwork.ca/" "Mozilla/5.0 (Linux; Android 6.0.1; Nexus 5X Build/MMB29P) AppleWebKit/537.36 (KHTML, like Gecko) Chrome/89.0.4389.130 Mobile Safari/537.36 (compatible; Googlebot/2.1; +http://www.google.com/bot.html)"
66.249.79.247 - - [30/Apr/2021:00:29:56 +0000] "GET /static/main/images/finfre.svg HTTP/1.1" 200 10136 "https://honestynetwork.ca/" "Mozilla/5.0 (Linux; Android 6.0.1; Nexus 5X Build/MMB29P) AppleWebKit/537.36 (KHTML, like Gecko) Chrome/89.0.4389.130 Mobile Safari/537.36 (compatible; Googlebot/2.1; +http://www.google.com/bot.html)"
192.241.215.161 - - [30/Apr/2021:01:06:33 +0000] "GET /ecp/Current/exporttool/microsoft.exchange.ediscovery.exporttool.application HTTP/1.1" 404 7116 "-" "Mozilla/5.0 zgrab/0.x"
66.249.79.61 - - [30/Apr/2021:01:29:55 +0000] "GET /sets HTTP/1.1" 200 4982 "-" "Mozilla/5.0 (Linux; Android 6.0.1; Nexus 5X Build/MMB29P) AppleWebKit/537.36 (KHTML, like Gecko) Chrome/90.0.4430.84 Mobile Safari/537.36 (compatible; Googlebot/2.1; +http://www.google.com/bot.html)"
66.249.79.58 - - [30/Apr/2021:01:31:08 +0000] "GET /static/main/css/materialize.css HTTP/1.1" 200 30553 "https://www.honestynetwork.ca/sets" "Mozilla/5.0 (Linux; Android 6.0.1; Nexus 5X Build/MMB29P) AppleWebKit/537.36 (KHTML, like Gecko) Chrome/89.0.4389.130 Mobile Safari/537.36 (compatible; Googlebot/2.1; +http://www.google.com/bot.html)"
66.249.79.32 - - [30/Apr/2021:01:31:09 +0000] "GET /static/main/js/bin/materialize.min.js HTTP/1.1" 200 46898 "https://www.honestynetwork.ca/sets" "Mozilla/5.0 (Linux; Android 6.0.1; Nexus 5X Build/MMB29P) AppleWebKit/537.36 (KHTML, like Gecko) Chrome/89.0.4389.130 Mobile Safari/537.36 (compatible; Googlebot/2.1; +http://www.google.com/bot.html)"
66.249.79.247 - - [30/Apr/2021:01:49:54 +0000] "GET /register HTTP/1.1" 200 5667 "-" "Mozilla/5.0 (Linux; Android 6.0.1; Nexus 5X Build/MMB29P) AppleWebKit/537.36 (KHTML, like Gecko) Chrome/90.0.4430.84 Mobile Safari/537.36 (compatible; Googlebot/2.1; +http://www.google.com/bot.html)"
66.249.79.249 - - [30/Apr/2021:01:50:01 +0000] "GET /static/main/js/bin/materialize.min.js HTTP/1.1" 200 46898 "https://honestynetwork.ca/register" "Mozilla/5.0 (Linux; Android 6.0.1; Nexus 5X Build/MMB29P) AppleWebKit/537.36 (KHTML, like Gecko) Chrome/89.0.4389.130 Mobile Safari/537.36 (compatible; Googlebot/2.1; +http://www.google.com/bot.html)"
66.249.79.247 - - [30/Apr/2021:01:50:01 +0000] "GET /static/main/css/materialize.css HTTP/1.1" 200 30553 "https://honestynetwork.ca/register" "Mozilla/5.0 (Linux; Android 6.0.1; Nexus 5X Build/MMB29P) AppleWebKit/537.36 (KHTML, like Gecko) Chrome/89.0.4389.130 Mobile Safari/537.36 (compatible; Googlebot/2.1; +http://www.google.com/bot.html)"
194.48.199.121 - - [30/Apr/2021:02:19:17 +0000] "GET /.svn/wc.db HTTP/1.1" 404 6921 "-" "Mozilla/5.0 (Windows NT 10.0; Win64; x64) AppleWebKit/537.36 (KHTML, like Gecko) Chrome/54.0.2840.99 Safari/537.36"
66.249.79.249 - - [30/Apr/2021:02:30:05 +0000] "GET /register HTTP/1.1" 200 5668 "-" "Mozilla/5.0 (compatible; Googlebot/2.1; +http://www.google.com/bot.html)"
104.237.151.11 - - [30/Apr/2021:02:57:51 +0000] "GET / HTTP/1.1" 200 4303 "-" "Mozilla/5.0 (Windows NT 6.1; WOW64; rv:8.0) Gecko/20100101 Firefox/8.0"
35.165.162.226 - - [30/Apr/2021:03:00:43 +0000] "GET / HTTP/1.1" 200 4341 "-" "Mozilla/5.0 zgrab/0.x"
66.249.79.247 - - [30/Apr/2021:03:10:35 +0000] "GET /sets HTTP/1.1" 200 4982 "-" "Mozilla/5.0 (Linux; Android 6.0.1; Nexus 5X Build/MMB29P) AppleWebKit/537.36 (KHTML, like Gecko) Chrome/90.0.4430.84 Mobile Safari/537.36 (compatible; Googlebot/2.1; +http://www.google.com/bot.html)"
66.249.79.247 - - [30/Apr/2021:03:20:44 +0000] "GET /login HTTP/1.1" 200 5505 "-" "Mozilla/5.0 (Linux; Android 6.0.1; Nexus 5X Build/MMB29P) AppleWebKit/537.36 (KHTML, like Gecko) Chrome/90.0.4430.84 Mobile Safari/537.36 (compatible; Googlebot/2.1; +http://www.google.com/bot.html)"
64.62.197.152 - - [30/Apr/2021:03:39:34 +0000] "GET / HTTP/1.1" 200 6061 "-" "-"
66.249.79.61 - - [30/Apr/2021:03:50:36 +0000] "GET / HTTP/1.1" 200 5044 "-" "Mozilla/5.0 (Linux; Android 6.0.1; Nexus 5X Build/MMB29P) AppleWebKit/537.36 (KHTML, like Gecko) Chrome/90.0.4430.84 Mobile Safari/537.36 (compatible; Googlebot/2.1; +http://www.google.com/bot.html)"
66.249.79.58 - - [30/Apr/2021:03:50:44 +0000] "GET /static/main/images/finfre.svg HTTP/1.1" 200 13761 "https://www.honestynetwork.ca/" "Mozilla/5.0 (Linux; Android 6.0.1; Nexus 5X Build/MMB29P) AppleWebKit/537.36 (KHTML, like Gecko) Chrome/89.0.4389.130 Mobile Safari/537.36 (compatible; Googlebot/2.1; +http://www.google.com/bot.html)"
193.118.53.218 - - [30/Apr/2021:03:51:46 +0000] "GET / HTTP/1.1" 200 4341 "-" "Mozilla/5.0 (Windows NT 10.0; Win64; x64) AppleWebKit/537.36 (KHTML, like Gecko) Chrome/60.0.3112.113 Safari/537.36"
66.249.79.58 - - [30/Apr/2021:04:30:33 +0000] "GET /login HTTP/1.1" 200 5505 "-" "Mozilla/5.0 (Linux; Android 6.0.1; Nexus 5X Build/MMB29P) AppleWebKit/537.36 (KHTML, like Gecko) Chrome/90.0.4430.84 Mobile Safari/537.36 (compatible; Googlebot/2.1; +http://www.google.com/bot.html)"
66.249.79.32 - - [30/Apr/2021:04:30:35 +0000] "GET /static/main/css/materialize.css HTTP/1.1" 200 30553 "https://www.honestynetwork.ca/login" "Mozilla/5.0 (Linux; Android 6.0.1; Nexus 5X Build/MMB29P) AppleWebKit/537.36 (KHTML, like Gecko) Chrome/89.0.4389.130 Mobile Safari/537.36 (compatible; Googlebot/2.1; +http://www.google.com/bot.html)"
66.249.79.32 - - [30/Apr/2021:04:30:36 +0000] "GET /static/main/js/bin/materialize.min.js HTTP/1.1" 200 43273 "https://www.honestynetwork.ca/login" "Mozilla/5.0 (Linux; Android 6.0.1; Nexus 5X Build/MMB29P) AppleWebKit/537.36 (KHTML, like Gecko) Chrome/89.0.4389.130 Mobile Safari/537.36 (compatible; Googlebot/2.1; +http://www.google.com/bot.html)"
192.241.215.237 - - [30/Apr/2021:05:13:52 +0000] "GET /owa/auth/logon.aspx?url=https%3a%2f%2f1%2fecp%2f HTTP/1.1" 404 6977 "-" "Mozilla/5.0 zgrab/0.x"
45.155.205.165 - - [30/Apr/2021:05:50:38 +0000] "GET /remote/fgt_lang?lang=/../../../..//////////dev/cmdb/sslvpn_websession HTTP/1.1" 404 7625 "-" "python-requests/2.21.0"
45.155.205.165 - - [30/Apr/2021:05:50:39 +0000] "GET /dana-na/../dana/html5acc/guacamole/../../../../../../../etc/passwd?/dana/html5acc/guacamole/ HTTP/1.1" 400 3970 "-" "Mozilla/5.0"
183.136.225.14 - - [30/Apr/2021:05:58:59 +0000] "GET / HTTP/1.1" 200 6296 "-" "Mozilla/5.0 (Macintosh; Intel Mac OS X 10.11; rv:47.0) Gecko/20100101 Firefox/47.0"
183.136.225.14 - - [30/Apr/2021:05:59:00 +0000] "GET / HTTP/1.1" 200 4360 "-" "Mozilla/5.0 (Windows NT 6.1; WOW64) AppleWebKit/537.36 (KHTML, like Gecko) Chrome/63.0.3239.132 Safari/537.36 QIHU 360SE"
183.136.225.14 - - [30/Apr/2021:05:59:01 +0000] "GET /favicon.ico HTTP/1.1" 404 3352 "-" "Mozilla/5.0 (Windows NT 6.1; WOW64) AppleWebKit/537.36 (KHTML, like Gecko) Chrome/63.0.3239.132 Safari/537.36 QIHU 360SE"
162.62.133.40 - - [30/Apr/2021:06:27:07 +0000] "GET / HTTP/1.1" 200 6080 "-" "-"
162.62.133.40 - - [30/Apr/2021:06:27:53 +0000] "OPTIONS / HTTP/1.0" 200 6080 "-" "-"
162.62.133.40 - - [30/Apr/2021:06:28:50 +0000] "\x16\xfe\xff" 400 2963 "-" "-"
66.249.79.32 - - [30/Apr/2021:06:41:14 +0000] "GET /register HTTP/1.1" 200 5669 "-" "Mozilla/5.0 (Linux; Android 6.0.1; Nexus 5X Build/MMB29P) AppleWebKit/537.36 (KHTML, like Gecko) Chrome/90.0.4430.84 Mobile Safari/537.36 (compatible; Googlebot/2.1; +http://www.google.com/bot.html)"
178.73.215.171 - - [30/Apr/2021:07:13:30 +0000] "GET / HTTP/1.0" 200 6659 "-" "-"
107.150.59.245 - - [30/Apr/2021:07:31:13 +0000] "GET / HTTP/1.1" 200 4416 "http://www.google.com.hk" "Mozilla/5.0 (Windows NT 6.1; WOW64) AppleWebKit/537.36 (KHTML, like Gecko) Chrome/42.0.2311.90 Safari/537.36"
66.249.79.251 - - [30/Apr/2021:07:51:39 +0000] "GET / HTTP/1.1" 200 5044 "-" "Mozilla/5.0 (compatible; Googlebot/2.1; +http://www.google.com/bot.html)"
66.249.79.249 - - [30/Apr/2021:07:51:42 +0000] "GET /static/main/css/materialize.css HTTP/1.1" 200 30553 "https://honestynetwork.ca/" "Mozilla/5.0 AppleWebKit/537.36 (KHTML, like Gecko; compatible; Googlebot/2.1; +http://www.google.com/bot.html) Chrome/89.0.4389.130 Safari/537.36"
66.249.79.247 - - [30/Apr/2021:07:51:42 +0000] "GET /static/main/images/finfre.svg HTTP/1.1" 200 13761 "https://honestynetwork.ca/" "Mozilla/5.0 AppleWebKit/537.36 (KHTML, like Gecko; compatible; Googlebot/2.1; +http://www.google.com/bot.html) Chrome/89.0.4389.130 Safari/537.36"
66.249.79.249 - - [30/Apr/2021:07:51:43 +0000] "GET /static/main/js/bin/materialize.min.js HTTP/1.1" 200 43273 "https://honestynetwork.ca/" "Mozilla/5.0 AppleWebKit/537.36 (KHTML, like Gecko; compatible; Googlebot/2.1; +http://www.google.com/bot.html) Chrome/89.0.4389.130 Safari/537.36"
192.151.156.190 - - [30/Apr/2021:08:00:18 +0000] "GET / HTTP/1.1" 200 4416 "http://www.google.com.hk" "Mozilla/5.0 (Windows NT 6.1; WOW64) AppleWebKit/537.36 (KHTML, like Gecko) Chrome/42.0.2311.90 Safari/537.36"
66.249.79.249 - - [30/Apr/2021:08:42:05 +0000] "GET / HTTP/1.1" 200 5044 "-" "Mozilla/5.0 (Linux; Android 6.0.1; Nexus 5X Build/MMB29P) AppleWebKit/537.36 (KHTML, like Gecko) Chrome/90.0.4430.84 Mobile Safari/537.36 (compatible; Googlebot/2.1; +http://www.google.com/bot.html)"
128.14.211.186 - - [30/Apr/2021:09:59:46 +0000] "GET / HTTP/1.1" 200 4341 "-" "Mozilla/5.0 (Windows NT 10.0; Win64; x64) AppleWebKit/537.36 (KHTML, like Gecko) Chrome/60.0.3112.113 Safari/537.36"
192.53.161.117 - - [30/Apr/2021:10:02:11 +0000] "GET /owa/ HTTP/1.1" 404 6903 "-" "Mozilla/5.0 (Windows NT 10.0; Win64; x64) AppleWebKit/537.36 (KHTML, like Gecko) Chrome/60.0.3112.113 Safari/537.36"
45.155.205.84 - - [30/Apr/2021:10:03:22 +0000] "POST /vendor/phpunit/phpunit/src/Util/PHP/eval-stdin.php HTTP/1.1" 404 7644 "-" "Mozilla/5.0 (Windows NT 10.0; Win64; x64) AppleWebKit/537.36 (KHTML, like Gecko) Chrome/78.0.3904.108 Safari/537.36"
45.155.205.84 - - [30/Apr/2021:10:03:22 +0000] "POST /api/jsonws/invoke HTTP/1.1" 404 7545 "-" "Mozilla/5.0 (Windows NT 10.0; Win64; x64) AppleWebKit/537.36 (KHTML, like Gecko) Chrome/78.0.3904.108 Safari/537.36"
45.155.205.84 - - [30/Apr/2021:10:03:24 +0000] "GET /vendor/phpunit/phpunit/src/Util/PHP/eval-stdin.php HTTP/1.1" 404 7643 "-" "Mozilla/5.0 (Windows NT 10.0; Win64; x64) AppleWebKit/537.36 (KHTML, like Gecko) Chrome/78.0.3904.108 Safari/537.36"
45.155.205.84 - - [30/Apr/2021:10:03:24 +0000] "GET /index.php?s=/Index/\\think\\app/invokefunction&function=call_user_func_array&vars[0]=md5&vars[1][]=HelloThinkPHP21 HTTP/1.1" 404 7639 "-" "Mozilla/5.0 (Windows NT 10.0; Win64; x64) AppleWebKit/537.36 (KHTML, like Gecko) Chrome/78.0.3904.108 Safari/537.36"
45.155.205.84 - - [30/Apr/2021:10:03:25 +0000] "GET /?XDEBUG_SESSION_START=phpstorm HTTP/1.1" 200 4939 "-" "Mozilla/5.0 (Windows NT 10.0; Win64; x64) AppleWebKit/537.36 (KHTML, like Gecko) Chrome/78.0.3904.108 Safari/537.36"
45.155.205.84 - - [30/Apr/2021:10:03:26 +0000] "POST /mifs/.;/services/LogService HTTP/1.1" 404 7577 "https://104.237.129.42:443" "Mozilla/5.0 (Windows NT 10.0; Win64; x64) AppleWebKit/537.36 (KHTML, like Gecko) Chrome/78.0.3904.108 Safari/537.36"
45.155.205.84 - - [30/Apr/2021:10:03:27 +0000] "GET /console/ HTTP/1.1" 404 7517 "-" "Mozilla/5.0 (Windows NT 10.0; Win64; x64) AppleWebKit/537.36 (KHTML, like Gecko) Chrome/78.0.3904.108 Safari/537.36"
45.155.205.84 - - [30/Apr/2021:10:03:27 +0000] "GET /wp-content/plugins/wp-file-manager/readme.txt HTTP/1.1" 404 7628 "-" "Mozilla/5.0 (Windows NT 10.0; Win64; x64) AppleWebKit/537.36 (KHTML, like Gecko) Chrome/78.0.3904.108 Safari/537.36"
45.155.205.84 - - [30/Apr/2021:10:03:30 +0000] "POST /Autodiscover/Autodiscover.xml HTTP/1.1" 404 7581 "-" "Mozilla/5.0 (Windows NT 10.0; Win64; x64) AppleWebKit/537.36 (KHTML, like Gecko) Chrome/78.0.3904.108 Safari/537.36"
45.155.205.84 - - [30/Apr/2021:10:03:32 +0000] "GET /_ignition/execute-solution HTTP/1.1" 404 7571 "-" "Mozilla/5.0 (Windows NT 10.0; Win64; x64) AppleWebKit/537.36 (KHTML, like Gecko) Chrome/78.0.3904.108 Safari/537.36"
66.249.79.249 - - [30/Apr/2021:11:12:24 +0000] "GET /robots.txt HTTP/1.1" 404 4043 "-" "Mozilla/5.0 (compatible; Googlebot/2.1; +http://www.google.com/bot.html)"
66.249.79.249 - - [30/Apr/2021:11:12:24 +0000] "GET /register HTTP/1.1" 200 2045 "-" "Mozilla/5.0 (Linux; Android 6.0.1; Nexus 5X Build/MMB29P) AppleWebKit/537.36 (KHTML, like Gecko) Chrome/90.0.4430.84 Mobile Safari/537.36 (compatible; Googlebot/2.1; +http://www.google.com/bot.html)"
66.249.79.249 - - [30/Apr/2021:11:32:40 +0000] "GET /register HTTP/1.1" 200 5668 "-" "Mozilla/5.0 (compatible; Googlebot/2.1; +http://www.google.com/bot.html)"
203.189.253.174 - - [30/Apr/2021:12:06:01 +0000] "GET / HTTP/1.0" 400 0 "-" "-"
192.241.220.243 - - [30/Apr/2021:12:15:41 +0000] "GET /actuator/health HTTP/1.1" 404 6936 "-" "Mozilla/5.0 zgrab/0.x"
74.120.14.54 - - [30/Apr/2021:14:02:10 +0000] "GET / HTTP/1.1" 200 4520 "-" "Mozilla/5.0 (compatible; CensysInspect/1.1; +https://about.censys.io/)"
128.14.134.134 - - [30/Apr/2021:14:12:51 +0000] "GET / HTTP/1.1" 200 4341 "-" "Mozilla/5.0 (Windows NT 10.0; Win64; x64) AppleWebKit/537.36 (KHTML, like Gecko) Chrome/60.0.3112.113 Safari/537.36"
66.249.79.58 - - [30/Apr/2021:16:15:33 +0000] "GET /robots.txt HTTP/1.1" 404 4043 "-" "Mozilla/5.0 (compatible; Googlebot/2.1; +http://www.google.com/bot.html)"
66.249.79.32 - - [30/Apr/2021:16:15:33 +0000] "GET /sets HTTP/1.1" 200 4982 "-" "Mozilla/5.0 (Linux; Android 6.0.1; Nexus 5X Build/MMB29P) AppleWebKit/537.36 (KHTML, like Gecko) Chrome/90.0.4430.84 Mobile Safari/537.36 (compatible; Googlebot/2.1; +http://www.google.com/bot.html)"
66.249.79.251 - - [30/Apr/2021:16:36:06 +0000] "GET /sets HTTP/1.1" 200 4982 "-" "Mozilla/5.0 (Linux; Android 6.0.1; Nexus 5X Build/MMB29P) AppleWebKit/537.36 (KHTML, like Gecko) Chrome/90.0.4430.84 Mobile Safari/537.36 (compatible; Googlebot/2.1; +http://www.google.com/bot.html)"
66.249.79.243 - - [30/Apr/2021:16:46:04 +0000] "GET /robots.txt HTTP/1.1" 404 4043 "-" "Mozilla/5.0 (compatible; Googlebot/2.1; +http://www.google.com/bot.html)"
66.249.79.241 - - [30/Apr/2021:16:46:06 +0000] "GET / HTTP/1.1" 200 5044 "-" "Mozilla/5.0 (compatible; Googlebot/2.1; +http://www.google.com/bot.html)"
66.249.79.247 - - [30/Apr/2021:17:26:29 +0000] "GET / HTTP/1.1" 200 5044 "-" "Mozilla/5.0 (Linux; Android 6.0.1; Nexus 5X Build/MMB29P) AppleWebKit/537.36 (KHTML, like Gecko) Chrome/90.0.4430.84 Mobile Safari/537.36 (compatible; Googlebot/2.1; +http://www.google.com/bot.html)"
66.249.79.247 - - [30/Apr/2021:17:27:11 +0000] "GET /static/main/images/finfre.svg HTTP/1.1" 200 13761 "https://honestynetwork.ca/" "Mozilla/5.0 (Linux; Android 6.0.1; Nexus 5X Build/MMB29P) AppleWebKit/537.36 (KHTML, like Gecko) Chrome/89.0.4389.130 Mobile Safari/537.36 (compatible; Googlebot/2.1; +http://www.google.com/bot.html)"
66.249.79.58 - - [30/Apr/2021:17:46:37 +0000] "GET / HTTP/1.1" 200 5044 "-" "Mozilla/5.0 (compatible; Googlebot/2.1; +http://www.google.com/bot.html)"
66.249.79.58 - - [30/Apr/2021:17:46:48 +0000] "GET /static/main/css/materialize.css HTTP/1.1" 200 30553 "https://www.honestynetwork.ca/" "Mozilla/5.0 AppleWebKit/537.36 (KHTML, like Gecko; compatible; Googlebot/2.1; +http://www.google.com/bot.html) Chrome/89.0.4389.130 Safari/537.36"
66.249.79.58 - - [30/Apr/2021:17:46:48 +0000] "GET /static/main/js/bin/materialize.min.js HTTP/1.1" 200 43273 "https://www.honestynetwork.ca/" "Mozilla/5.0 AppleWebKit/537.36 (KHTML, like Gecko; compatible; Googlebot/2.1; +http://www.google.com/bot.html) Chrome/89.0.4389.130 Safari/537.36"
66.249.79.61 - - [30/Apr/2021:17:46:49 +0000] "GET /static/main/images/finfre.svg HTTP/1.1" 200 13761 "https://www.honestynetwork.ca/" "Mozilla/5.0 AppleWebKit/537.36 (KHTML, like Gecko; compatible; Googlebot/2.1; +http://www.google.com/bot.html) Chrome/89.0.4389.130 Safari/537.36"
192.241.214.251 - - [30/Apr/2021:17:55:04 +0000] "GET / HTTP/1.0" 400 0 "-" "-"
128.14.134.170 - - [30/Apr/2021:18:54:11 +0000] "GET / HTTP/1.1" 200 4341 "-" "Mozilla/5.0 (Windows NT 10.0; Win64; x64) AppleWebKit/537.36 (KHTML, like Gecko) Chrome/60.0.3112.113 Safari/537.36"
162.62.133.40 - - [30/Apr/2021:20:02:07 +0000] "GET /nice%20ports%2C/Tri%6Eity.txt%2ebak HTTP/1.0" 404 6996 "-" "-"
68.194.112.101 - - [30/Apr/2021:20:23:00 +0000] "GET /admin/ HTTP/1.1" 200 5369 "https://honestynetwork.ca/admin/login/?next=/admin/" "Mozilla/5.0 (Windows NT 10.0; Win64; x64) AppleWebKit/537.36 (KHTML, like Gecko) Chrome/90.0.4430.93 Safari/537.36"
68.194.112.101 - - [30/Apr/2021:20:23:01 +0000] "GET /favicon.ico HTTP/1.1" 404 418 "https://honestynetwork.ca/admin/" "Mozilla/5.0 (Windows NT 10.0; Win64; x64) AppleWebKit/537.36 (KHTML, like Gecko) Chrome/90.0.4430.93 Safari/537.36"
192.241.217.209 - - [30/Apr/2021:20:25:14 +0000] "GET / HTTP/1.0" 400 0 "-" "-"
128.14.209.234 - - [30/Apr/2021:20:27:59 +0000] "GET / HTTP/1.1" 200 4341 "-" "Mozilla/5.0 (Windows NT 10.0; WOW64) AppleWebKit/537.36 (KHTML, like Gecko) Chrome/66.0.3359.117 Safari/537.36"
183.136.225.14 - - [30/Apr/2021:20:31:26 +0000] "GET / HTTP/1.1" 200 6296 "-" "Mozilla/5.0 (Macintosh; Intel Mac OS X 10.11; rv:47.0) Gecko/20100101 Firefox/47.0"
183.136.225.14 - - [30/Apr/2021:20:31:58 +0000] "GET /favicon.ico HTTP/1.1" 404 3352 "-" "Mozilla/5.0 (Windows NT 6.1; WOW64) AppleWebKit/537.36 (KHTML, like Gecko) Chrome/63.0.3239.132 Safari/537.36 QIHU 360SE"
66.249.79.251 - - [30/Apr/2021:20:56:54 +0000] "GET /register HTTP/1.1" 200 5670 "-" "Mozilla/5.0 (Linux; Android 6.0.1; Nexus 5X Build/MMB29P) AppleWebKit/537.36 (KHTML, like Gecko) Chrome/90.0.4430.84 Mobile Safari/537.36 (compatible; Googlebot/2.1; +http://www.google.com/bot.html)"
194.48.199.121 - - [30/Apr/2021:22:16:23 +0000] "GET / HTTP/1.1" 200 4341 "-" "Mozilla/5.0 (Windows NT 10.0; Win64; x64) AppleWebKit/537.36 (KHTML, like Gecko) Chrome/54.0.2840.99 Safari/537.36"
139.99.137.192 - - [30/Apr/2021:23:17:22 +0000] "GET /.env HTTP/1.1" 404 7085 "-" "Mozilla/5.0 (X11; Linux x86_64) AppleWebKit/537.36 (KHTML, like Gecko) Chrome/81.0.4044.129 Safari/537.36"
139.99.137.192 - - [30/Apr/2021:23:17:24 +0000] "POST / HTTP/1.1" 403 6781 "-" "Mozilla/5.0 (X11; Linux x86_64) AppleWebKit/537.36 (KHTML, like Gecko) Chrome/81.0.4044.129 Safari/537.36"
138.246.253.24 - - [30/Apr/2021:23:17:36 +0000] "HEAD / HTTP/1.1" 200 3896 "-" "Mozilla/5.0 (Windows NT 10.0; Win64; x64) AppleWebKit/537.36 (KHTML, like Gecko) Chrome/88.0.4324.146 Safari/537.36"
192.53.170.243 - - [30/Apr/2021:23:30:45 +0000] "GET / HTTP/1.1" 200 4341 "-" "Mozilla/5.0 (Windows NT 10.0; Win64; x64) AppleWebKit/537.36 (KHTML, like Gecko) Chrome/60.0.3112.113 Safari/537.36"
193.118.53.210 - - [01/May/2021:00:18:43 +0000] "GET / HTTP/1.1" 200 4341 "-" "Mozilla/5.0 (Windows NT 10.0; Win64; x64) AppleWebKit/537.36 (KHTML, like Gecko) Chrome/60.0.3112.113 Safari/537.36"
107.172.2.252 - - [01/May/2021:00:53:03 +0000] "GET / HTTP/1.1" 200 6659 "-" "Mozilla/5.0 (compatible; Googlebot/2.1; +http://www.google.com/bot.html)"
184.105.247.196 - - [01/May/2021:02:37:33 +0000] "GET / HTTP/1.1" 200 6061 "-" "-"
193.118.53.218 - - [01/May/2021:02:39:10 +0000] "GET / HTTP/1.1" 200 4341 "-" "Mozilla/5.0 (Windows NT 10.0; Win64; x64) AppleWebKit/537.36 (KHTML, like Gecko) Chrome/60.0.3112.113 Safari/537.36"
184.105.247.248 - - [01/May/2021:02:44:43 +0000] "HEAD /owa/ HTTP/1.1" 404 3204 "-" "Mozilla/5.0 zgrab/0.x"
184.105.247.208 - - [01/May/2021:02:58:05 +0000] "GET /owa/auth/x.js HTTP/1.1" 404 6930 "-" "Mozilla/5.0 zgrab/0.x"
180.149.125.175 - - [01/May/2021:03:01:09 +0000] "GET / HTTP/1.1" 200 4341 "-" "Mozilla/5.0 (Windows NT 5.1; Win64; x64) AppleWebKit/537.36 (KHTML, like Gecko) Chrome/60.0.3112.90 Safari/537.36"
66.249.79.32 - - [01/May/2021:03:15:18 +0000] "GET / HTTP/1.1" 200 5044 "-" "Mozilla/5.0 (compatible; Googlebot/2.1; +http://www.google.com/bot.html)"
66.249.79.247 - - [01/May/2021:03:15:19 +0000] "GET /robots.txt HTTP/1.1" 404 4043 "-" "Mozilla/5.0 (compatible; Googlebot/2.1; +http://www.google.com/bot.html)"
66.249.79.247 - - [01/May/2021:03:15:19 +0000] "GET / HTTP/1.1" 200 1419 "-" "Mozilla/5.0 (Linux; Android 6.0.1; Nexus 5X Build/MMB29P) AppleWebKit/537.36 (KHTML, like Gecko) Chrome/90.0.4430.84 Mobile Safari/537.36 (compatible; Googlebot/2.1; +http://www.google.com/bot.html)"
54.153.9.26 - - [01/May/2021:03:38:53 +0000] "HEAD /epa/scripts/win/nsepa_setup.exe HTTP/1.1" 404 3809 "-" "Mozilla/5.0 (Macintosh; Intel Mac OS X 10_11_5) AppleWebKit/537.36 (KHTML, like Gecko) Chrome/50.0.2661.102 Safari/537.36"
107.175.150.87 - - [01/May/2021:04:27:12 +0000] "POST /GponForm/diag_Form?style/ HTTP/1.1" 404 7189 "-" "curl/7.3.2"
71.6.199.23 - - [01/May/2021:05:03:17 +0000] "GET / HTTP/1.1" 200 6240 "-" "Mozilla/5.0 (X11; Linux x86_64) AppleWebKit/537.36 (KHTML, like Gecko) Chrome/34.0.1847.137 Safari/537.36"
71.6.199.23 - - [01/May/2021:05:03:18 +0000] "\n" 400 3148 "-" "-"
71.6.199.23 - - [01/May/2021:05:03:19 +0000] "\n" 400 3164 "-" "-"
71.6.199.23 - - [01/May/2021:05:03:19 +0000] "\n" 400 3142 "-" "-"
71.6.199.23 - - [01/May/2021:05:03:20 +0000] "\n" 400 3556 "-" "-"
71.6.199.23 - - [01/May/2021:05:03:20 +0000] "\n" 400 3142 "-" "-"
71.6.199.23 - - [01/May/2021:05:03:20 +0000] "\n" 400 3142 "-" "-"
71.6.199.23 - - [01/May/2021:05:03:23 +0000] "GET /robots.txt HTTP/1.1" 404 3512 "-" "-"
71.6.199.23 - - [01/May/2021:05:03:24 +0000] "GET /sitemap.xml HTTP/1.1" 404 7103 "-" "-"
71.6.199.23 - - [01/May/2021:05:03:24 +0000] "GET /.well-known/security.txt HTTP/1.1" 404 7142 "-" "-"
71.6.199.23 - - [01/May/2021:05:03:24 +0000] "\n" 400 3584 "-" "-"
71.6.199.23 - - [01/May/2021:05:03:25 +0000] "GET /favicon.ico HTTP/1.1" 404 3568 "-" "Mozilla/5.0 (Macintosh; Intel Mac OS X 10.15; rv:80.0) Gecko/20100101 Firefox/80.0"
34.76.80.167 - - [01/May/2021:05:03:30 +0000] "GET / HTTP/1.1" 200 4412 "-" "python-requests/2.25.1"
192.241.219.165 - - [01/May/2021:05:17:26 +0000] "GET /owa/auth/logon.aspx?url=https%3a%2f%2f1%2fecp%2f HTTP/1.1" 404 6977 "-" "Mozilla/5.0 zgrab/0.x"
66.249.79.251 - - [01/May/2021:05:29:06 +0000] "GET / HTTP/1.1" 200 5044 "-" "Mozilla/5.0 (compatible; Googlebot/2.1; +http://www.google.com/bot.html)"
54.203.73.198 - - [01/May/2021:06:02:29 +0000] "GET / HTTP/1.1" 200 4988 "http://honestynetwork.ca" "Mozilla/5.0 (X11; Ubuntu; Linux x86_64; rv:82.0) Gecko/20100101 Firefox/82.0"
54.203.73.198 - - [01/May/2021:06:02:30 +0000] "GET /favicon.ico HTTP/1.1" 404 3987 "http://honestynetwork.ca/favicon.ico" "Mozilla/5.0 (X11; Ubuntu; Linux x86_64; rv:82.0) Gecko/20100101 Firefox/82.0"
54.203.73.198 - - [01/May/2021:06:02:30 +0000] "GET /robots.txt HTTP/1.1" 404 3987 "http://honestynetwork.ca/robots.txt" "Mozilla/5.0 (X11; Ubuntu; Linux x86_64; rv:82.0) Gecko/20100101 Firefox/82.0"
128.14.134.134 - - [01/May/2021:06:17:02 +0000] "GET / HTTP/1.1" 200 4341 "-" "Mozilla/5.0 (Windows NT 10.0; Win64; x64) AppleWebKit/537.36 (KHTML, like Gecko) Chrome/60.0.3112.113 Safari/537.36"
45.155.205.84 - - [01/May/2021:07:01:51 +0000] "POST /vendor/phpunit/phpunit/src/Util/PHP/eval-stdin.php HTTP/1.1" 404 7644 "-" "Mozilla/5.0 (Windows NT 10.0; Win64; x64) AppleWebKit/537.36 (KHTML, like Gecko) Chrome/78.0.3904.108 Safari/537.36"
45.155.205.84 - - [01/May/2021:07:01:51 +0000] "GET /vendor/phpunit/phpunit/src/Util/PHP/eval-stdin.php HTTP/1.1" 404 7643 "-" "Mozilla/5.0 (Windows NT 10.0; Win64; x64) AppleWebKit/537.36 (KHTML, like Gecko) Chrome/78.0.3904.108 Safari/537.36"
45.155.205.84 - - [01/May/2021:07:01:56 +0000] "GET /index.php?s=/Index/\\think\\app/invokefunction&function=call_user_func_array&vars[0]=md5&vars[1][]=HelloThinkPHP21 HTTP/1.1" 404 7639 "-" "Mozilla/5.0 (Windows NT 10.0; Win64; x64) AppleWebKit/537.36 (KHTML, like Gecko) Chrome/78.0.3904.108 Safari/537.36"
45.155.205.84 - - [01/May/2021:07:01:56 +0000] "GET /?XDEBUG_SESSION_START=phpstorm HTTP/1.1" 200 4939 "-" "Mozilla/5.0 (Windows NT 10.0; Win64; x64) AppleWebKit/537.36 (KHTML, like Gecko) Chrome/78.0.3904.108 Safari/537.36"
45.155.205.84 - - [01/May/2021:07:02:00 +0000] "POST /mifs/.;/services/LogService HTTP/1.1" 404 7577 "https://104.237.129.42:443" "Mozilla/5.0 (Windows NT 10.0; Win64; x64) AppleWebKit/537.36 (KHTML, like Gecko) Chrome/78.0.3904.108 Safari/537.36"
45.155.205.84 - - [01/May/2021:07:02:00 +0000] "GET /wp-content/plugins/wp-file-manager/readme.txt HTTP/1.1" 404 7628 "-" "Mozilla/5.0 (Windows NT 10.0; Win64; x64) AppleWebKit/537.36 (KHTML, like Gecko) Chrome/78.0.3904.108 Safari/537.36"
45.155.205.84 - - [01/May/2021:07:02:03 +0000] "POST /Autodiscover/Autodiscover.xml HTTP/1.1" 404 7581 "-" "Mozilla/5.0 (Windows NT 10.0; Win64; x64) AppleWebKit/537.36 (KHTML, like Gecko) Chrome/78.0.3904.108 Safari/537.36"
45.155.205.84 - - [01/May/2021:07:02:06 +0000] "GET /console/ HTTP/1.1" 404 7517 "-" "Mozilla/5.0 (Windows NT 10.0; Win64; x64) AppleWebKit/537.36 (KHTML, like Gecko) Chrome/78.0.3904.108 Safari/537.36"
45.155.205.84 - - [01/May/2021:07:02:08 +0000] "GET /_ignition/execute-solution HTTP/1.1" 404 7571 "-" "Mozilla/5.0 (Windows NT 10.0; Win64; x64) AppleWebKit/537.36 (KHTML, like Gecko) Chrome/78.0.3904.108 Safari/537.36"
2001:4ca0:108:42::24 - - [01/May/2021:08:16:53 +0000] "HEAD / HTTP/1.1" 200 3896 "-" "Mozilla/5.0 (Windows NT 10.0; Win64; x64) AppleWebKit/537.36 (KHTML, like Gecko) Chrome/88.0.4324.146 Safari/537.36"
88.5.237.10 - - [01/May/2021:08:21:02 +0000] "GET / HTTP/1.1" 200 4341 "-" "Mozilla/5.0 zgrab/0.x"
162.62.133.40 - - [01/May/2021:09:32:13 +0000] "GET /nice%20ports%2C/Tri%6Eity.txt%2ebak HTTP/1.0" 404 6996 "-" "-"
68.194.112.101 - - [01/May/2021:09:37:49 +0000] "GET /admin/ HTTP/1.1" 200 5369 "https://honestynetwork.ca/admin/login/?next=/admin/" "Mozilla/5.0 (Windows NT 10.0; Win64; x64) AppleWebKit/537.36 (KHTML, like Gecko) Chrome/90.0.4430.93 Safari/537.36"
68.194.112.101 - - [01/May/2021:09:37:49 +0000] "GET /favicon.ico HTTP/1.1" 404 418 "https://honestynetwork.ca/admin/" "Mozilla/5.0 (Windows NT 10.0; Win64; x64) AppleWebKit/537.36 (KHTML, like Gecko) Chrome/90.0.4430.93 Safari/537.36"
172.105.172.122 - - [01/May/2021:09:44:18 +0000] "GET / HTTP/1.1" 200 4341 "-" "Mozilla/5.0 (Windows NT 10.0; Win64; x64) AppleWebKit/537.36 (KHTML, like Gecko) Chrome/60.0.3112.113 Safari/537.36"
192.241.214.98 - - [01/May/2021:10:35:47 +0000] "GET / HTTP/1.1" 200 4341 "-" "Mozilla/5.0 zgrab/0.x"
89.248.170.22 - - [01/May/2021:10:53:26 +0000] "GET / HTTP/1.1" 200 4303 "-" "Mozilla/5.0 (X11; Ubuntu; Linux x86_64; rv:76.0) Gecko/20100101 Firefox/76.0"
68.194.112.101 - - [01/May/2021:11:06:06 +0000] "GET / HTTP/1.1" 200 5659 "https://honestynetwork.ca/makePayment" "Mozilla/5.0 (Windows NT 10.0; Win64; x64) AppleWebKit/537.36 (KHTML, like Gecko) Chrome/90.0.4430.93 Safari/537.36"
68.194.112.101 - - [01/May/2021:11:06:06 +0000] "GET /static/main/js/bin/materialize.min.js HTTP/1.1" 200 43273 "https://honestynetwork.ca/" "Mozilla/5.0 (Windows NT 10.0; Win64; x64) AppleWebKit/537.36 (KHTML, like Gecko) Chrome/90.0.4430.93 Safari/537.36"
68.194.112.101 - - [01/May/2021:11:06:06 +0000] "GET /static/main/images/Asset1.jpg HTTP/1.1" 200 7057 "https://honestynetwork.ca/" "Mozilla/5.0 (Windows NT 10.0; Win64; x64) AppleWebKit/537.36 (KHTML, like Gecko) Chrome/90.0.4430.93 Safari/537.36"
68.194.112.101 - - [01/May/2021:11:06:12 +0000] "POST /selectedSet HTTP/1.1" 200 2754 "https://honestynetwork.ca/" "Mozilla/5.0 (Windows NT 10.0; Win64; x64) AppleWebKit/537.36 (KHTML, like Gecko) Chrome/90.0.4430.93 Safari/537.36"
68.194.112.101 - - [01/May/2021:11:06:14 +0000] "POST /makePayment HTTP/1.1" 200 2642 "https://honestynetwork.ca/selectedSet" "Mozilla/5.0 (Windows NT 10.0; Win64; x64) AppleWebKit/537.36 (KHTML, like Gecko) Chrome/90.0.4430.93 Safari/537.36"
68.194.112.101 - - [01/May/2021:11:06:18 +0000] "GET / HTTP/1.1" 200 2015 "https://honestynetwork.ca/selectedSet" "Mozilla/5.0 (Windows NT 10.0; Win64; x64) AppleWebKit/537.36 (KHTML, like Gecko) Chrome/90.0.4430.93 Safari/537.36"
74.207.228.142 - - [01/May/2021:11:35:49 +0000] "GET /owa/ HTTP/1.1" 404 6903 "-" "Mozilla/5.0 (Windows NT 10.0; Win64; x64) AppleWebKit/537.36 (KHTML, like Gecko) Chrome/60.0.3112.113 Safari/537.36"
66.249.79.251 - - [01/May/2021:11:47:35 +0000] "GET /robots.txt HTTP/1.1" 404 4043 "-" "Mozilla/5.0 (compatible; Googlebot/2.1; +http://www.google.com/bot.html)"
2001:4ca0:108:42::24 - - [01/May/2021:12:57:21 +0000] "HEAD / HTTP/1.1" 200 3896 "-" "Mozilla/5.0 (Windows NT 10.0; Win64; x64) AppleWebKit/537.36 (KHTML, like Gecko) Chrome/88.0.4324.146 Safari/537.36"
162.142.125.39 - - [01/May/2021:13:42:54 +0000] "GET / HTTP/1.1" 200 6061 "-" "-"
162.142.125.39 - - [01/May/2021:13:42:54 +0000] "GET / HTTP/1.1" 200 4520 "-" "Mozilla/5.0 (compatible; CensysInspect/1.1; +https://about.censys.io/)"
2001:4ca0:108:42::24 - - [01/May/2021:13:46:56 +0000] "HEAD / HTTP/1.1" 200 3828 "-" "Mozilla/5.0 (Windows NT 10.0; Win64; x64) AppleWebKit/537.36 (KHTML, like Gecko) Chrome/88.0.4324.146 Safari/537.36"
66.249.79.247 - - [01/May/2021:13:57:36 +0000] "GET /robots.txt HTTP/1.1" 404 4043 "-" "Mozilla/5.0 (compatible; Googlebot/2.1; +http://www.google.com/bot.html)"
66.249.79.247 - - [01/May/2021:13:57:37 +0000] "GET / HTTP/1.1" 200 1419 "-" "Mozilla/5.0 (Linux; Android 6.0.1; Nexus 5X Build/MMB29P) AppleWebKit/537.36 (KHTML, like Gecko) Chrome/90.0.4430.84 Mobile Safari/537.36 (compatible; Googlebot/2.1; +http://www.google.com/bot.html)"
144.126.134.15 - - [01/May/2021:14:04:50 +0000] "GET /.env HTTP/1.1" 404 7538 "-" "Mozilla/5.0 (X11; Linux x86_64) AppleWebKit/537.36 (KHTML, like Gecko) Chrome/81.0.4044.129 Safari/537.36"
144.126.134.15 - - [01/May/2021:14:04:50 +0000] "POST / HTTP/1.1" 403 7234 "-" "Mozilla/5.0 (X11; Linux x86_64) AppleWebKit/537.36 (KHTML, like Gecko) Chrome/81.0.4044.129 Safari/537.36"
66.249.79.251 - - [01/May/2021:15:28:04 +0000] "GET /robots.txt HTTP/1.1" 404 4043 "-" "Mozilla/5.0 (compatible; Googlebot/2.1; +http://www.google.com/bot.html)"
66.249.79.249 - - [01/May/2021:15:28:05 +0000] "GET / HTTP/1.1" 200 5044 "-" "Mozilla/5.0 (compatible; Googlebot/2.1; +http://www.google.com/bot.html)"
194.165.16.80 - - [01/May/2021:15:31:41 +0000] "GET / HTTP/1.1" 200 6687 "-" "Mozilla/5.0 (X11; Linux x86_64) AppleWebKit/537.36 (KHTML, like Gecko) Chrome/72.0.3626.121 Safari/537.36"
194.165.16.80 - - [01/May/2021:15:31:45 +0000] "GET /favicon.ico HTTP/1.1" 404 3966 "-" "Mozilla/5.0 (X11; Linux x86_64) AppleWebKit/537.36 (KHTML, like Gecko) Chrome/72.0.3626.121 Safari/537.36"
194.165.16.80 - - [01/May/2021:15:31:45 +0000] "GET /robots.txt HTTP/1.1" 404 3966 "-" "Mozilla/5.0 (X11; Linux x86_64) AppleWebKit/537.36 (KHTML, like Gecko) Chrome/72.0.3626.121 Safari/537.36"
104.199.118.92 - - [01/May/2021:15:42:05 +0000] "HEAD / HTTP/1.1" 200 3954 "-" "Mozilla/5.0 (X11; Linux x86_64) AppleWebKit/537.36 (KHTML, like Gecko) Chrome/41.0.2227.0 Safari/537.36"
34.105.76.160 - - [01/May/2021:15:42:10 +0000] "HEAD / HTTP/1.1" 200 3954 "-" "Mozilla/5.0 (Windows NT 6.1; WOW64) AppleWebKit/537.36 (KHTML, like Gecko) Chrome/41.0.2227.0 Safari/537.36"
34.82.181.33 - - [01/May/2021:15:42:10 +0000] "HEAD / HTTP/1.1" 200 3954 "-" "Mozilla/5.0 (Windows NT 6.1) AppleWebKit/537.36 (KHTML, like Gecko) Chrome/41.0.2228.0 Safari/537.36"
35.233.192.48 - - [01/May/2021:15:42:11 +0000] "HEAD / HTTP/1.1" 200 3954 "-" "Mozilla/5.0 (Windows NT 6.1) AppleWebKit/537.36 (KHTML, like Gecko) Chrome/41.0.2228.0 Safari/537.36"
192.241.215.225 - - [01/May/2021:15:47:25 +0000] "GET /ecp/Current/exporttool/microsoft.exchange.ediscovery.exporttool.application HTTP/1.1" 404 7116 "-" "Mozilla/5.0 zgrab/0.x"
66.249.79.58 - - [01/May/2021:15:48:05 +0000] "GET /robots.txt HTTP/1.1" 404 4043 "-" "Mozilla/5.0 (compatible; Googlebot/2.1; +http://www.google.com/bot.html)"
66.249.79.58 - - [01/May/2021:15:48:05 +0000] "GET / HTTP/1.1" 200 1419 "-" "Mozilla/5.0 (compatible; Googlebot/2.1; +http://www.google.com/bot.html)"
66.249.79.61 - - [01/May/2021:15:48:13 +0000] "GET /static/main/images/finfre.svg HTTP/1.1" 200 13761 "https://www.honestynetwork.ca/" "Mozilla/5.0 AppleWebKit/537.36 (KHTML, like Gecko; compatible; Googlebot/2.1; +http://www.google.com/bot.html) Chrome/89.0.4389.130 Safari/537.36"
164.52.24.162 - - [01/May/2021:15:56:03 +0000] "GET / HTTP/1.1" 200 6240 "-" "Mozilla/5.0 (Windows NT 10.0; Win64; x64; rv:79.0) Gecko/20100101 Firefox/79.0"
35.184.199.203 - - [01/May/2021:15:58:11 +0000] "GET / HTTP/1.1" 200 4988 "-" "Mozilla/5.0 (X11; Linux x86_64) AppleWebKit/537.36 (KHTML, like Gecko) Chrome/57.0.2987.110 Safari/537.36"
66.249.79.251 - - [01/May/2021:16:08:25 +0000] "GET /register HTTP/1.1" 200 5672 "-" "Mozilla/5.0 (Linux; Android 6.0.1; Nexus 5X Build/MMB29P) AppleWebKit/537.36 (KHTML, like Gecko) Chrome/90.0.4430.84 Mobile Safari/537.36 (compatible; Googlebot/2.1; +http://www.google.com/bot.html)"
92.118.161.5 - - [01/May/2021:17:08:23 +0000] "GET / HTTP/1.1" 200 6061 "-" "NetSystemsResearch studies the availability of various services across the internet. Our website is netsystemsresearch.com"
167.248.133.37 - - [01/May/2021:17:22:19 +0000] "GET / HTTP/1.1" 200 6061 "-" "-"
167.248.133.37 - - [01/May/2021:17:22:20 +0000] "GET / HTTP/1.1" 200 4520 "-" "Mozilla/5.0 (compatible; CensysInspect/1.1; +https://about.censys.io/)"
194.48.199.121 - - [01/May/2021:18:34:22 +0000] "GET /wls-wsat/CoordinatorPortType11;/../gg HTTP/1.1" 404 6924 "-" "Mozilla/5.0 (Windows NT 10.0; Win64; x64) AppleWebKit/537.36 (KHTML, like Gecko) Chrome/54.0.2840.99 Safari/537.36"
23.129.64.203 - - [01/May/2021:19:34:15 +0000] "GET / HTTP/1.1" 200 4939 "-" "Mozilla/5.0 (compatible; Baiduspider/2.0; +http://www.baidu.com/search/spider.html)"
207.241.225.207 - - [01/May/2021:20:06:13 +0000] "HEAD / HTTP/1.1" 200 3915 "-" "Wayback_Machine_Safari_XC/1.4"
104.244.210.124 - - [01/May/2021:20:06:15 +0000] "GET / HTTP/1.1" 200 5059 "-" "Mozilla/5.0 (Macintosh; Intel Mac OS X 10_15_7) AppleWebKit/605.1.15 (KHTML, like Gecko) Version/14.1.1 Safari/605.1.15"
104.244.210.124 - - [01/May/2021:20:06:16 +0000] "GET /static/main/js/bin/materialize.min.js HTTP/1.1" 200 43273 "https://honestynetwork.ca/" "Mozilla/5.0 (Macintosh; Intel Mac OS X 10_15_7) AppleWebKit/605.1.15 (KHTML, like Gecko) Version/14.1 Safari/605.1.15"
104.244.210.124 - - [01/May/2021:20:06:16 +0000] "GET /static/main/images/intrologo.png HTTP/1.1" 304 3827 "https://honestynetwork.ca/" "Mozilla/5.0 (Macintosh; Intel Mac OS X 10_15_7) AppleWebKit/605.1.15 (KHTML, like Gecko) Version/14.1.1 Safari/605.1.15"
104.244.210.124 - - [01/May/2021:20:06:16 +0000] "GET /static/main/images/finfre.svg HTTP/1.1" 200 13776 "https://honestynetwork.ca/" "Mozilla/5.0 (Macintosh; Intel Mac OS X 10_15_7) AppleWebKit/605.1.15 (KHTML, like Gecko) Version/14.1.1 Safari/605.1.15"
104.244.210.124 - - [01/May/2021:20:06:16 +0000] "GET /static/main/css/materialize.css HTTP/1.1" 200 30568 "https://honestynetwork.ca/" "Mozilla/5.0 (Macintosh; Intel Mac OS X 10_15_7) AppleWebKit/605.1.15 (KHTML, like Gecko) Version/14.1.1 Safari/605.1.15"
104.244.210.124 - - [01/May/2021:20:06:16 +0000] "GET /static/main/images/intrologo.png HTTP/1.1" 304 3827 "https://honestynetwork.ca/" "Mozilla/5.0 (Macintosh; Intel Mac OS X 10_15_7) AppleWebKit/605.1.15 (KHTML, like Gecko) Version/14.1 Safari/605.1.15"
104.244.210.124 - - [01/May/2021:20:06:16 +0000] "GET /static/main/css/materialize.css HTTP/1.1" 200 30568 "https://honestynetwork.ca/" "Mozilla/5.0 (Macintosh; Intel Mac OS X 10_15_7) AppleWebKit/605.1.15 (KHTML, like Gecko) Version/14.1 Safari/605.1.15"
104.244.210.124 - - [01/May/2021:20:06:16 +0000] "GET /static/main/js/bin/materialize.min.js HTTP/1.1" 200 43273 "https://honestynetwork.ca/" "Mozilla/5.0 (Macintosh; Intel Mac OS X 10_15_7) AppleWebKit/605.1.15 (KHTML, like Gecko) Version/14.1.1 Safari/605.1.15"
104.244.210.124 - - [01/May/2021:20:06:20 +0000] "GET /favicon.ico HTTP/1.1" 404 4058 "https://honestynetwork.ca/" "Mozilla/5.0 (Macintosh; Intel Mac OS X 10_15_7) AppleWebKit/605.1.15 (KHTML, like Gecko) Version/14.1.1 Safari/605.1.15"
104.244.210.124 - - [01/May/2021:20:06:32 +0000] "GET /register HTTP/1.1" 200 5685 "https://honestynetwork.ca/" "Mozilla/5.0 (Macintosh; Intel Mac OS X 10_15_7) AppleWebKit/605.1.15 (KHTML, like Gecko) Version/14.1.1 Safari/605.1.15"
104.244.210.124 - - [01/May/2021:20:06:32 +0000] "HEAD /register HTTP/1.1" 200 4136 "-" "Wayback%20Machine%20Extension/19 CFNetwork/1240.0.1 Darwin/20.5.0"
104.244.210.124 - - [01/May/2021:20:06:33 +0000] "HEAD /register HTTP/1.1" 200 4136 "-" "Wayback%20Machine%20Extension/19 CFNetwork/1240.0.1 Darwin/20.5.0"
104.244.210.124 - - [01/May/2021:20:06:33 +0000] "HEAD /register HTTP/1.1" 200 4136 "-" "Wayback%20Machine%20Extension/19 CFNetwork/1240.0.1 Darwin/20.5.0"
207.241.225.208 - - [01/May/2021:20:06:35 +0000] "HEAD /register HTTP/1.1" 200 4082 "-" "Wayback_Machine_Safari_XC/1.4"
68.194.112.101 - - [01/May/2021:20:19:24 +0000] "GET / HTTP/1.1" 200 5655 "-" "Mozilla/5.0 (Windows NT 10.0; Win64; x64) AppleWebKit/537.36 (KHTML, like Gecko) Chrome/90.0.4430.93 Safari/537.36"
68.194.112.101 - - [01/May/2021:20:19:25 +0000] "GET / HTTP/1.1" 200 2013 "https://honestynetwork.ca/" "Mozilla/5.0 (Windows NT 10.0; Win64; x64) AppleWebKit/537.36 (KHTML, like Gecko) Chrome/90.0.4430.93 Safari/537.36"
104.244.210.124 - - [01/May/2021:20:19:26 +0000] "GET / HTTP/1.1" 200 5059 "-" "Mozilla/5.0 (Macintosh; Intel Mac OS X 10_15_7) AppleWebKit/605.1.15 (KHTML, like Gecko) Version/14.1.1 Safari/605.1.15"
68.194.112.101 - - [01/May/2021:20:19:27 +0000] "GET /logout HTTP/1.1" 302 586 "https://honestynetwork.ca/" "Mozilla/5.0 (Windows NT 10.0; Win64; x64) AppleWebKit/537.36 (KHTML, like Gecko) Chrome/90.0.4430.93 Safari/537.36"
68.194.112.101 - - [01/May/2021:20:19:27 +0000] "GET / HTTP/1.1" 200 1419 "https://honestynetwork.ca/" "Mozilla/5.0 (Windows NT 10.0; Win64; x64) AppleWebKit/537.36 (KHTML, like Gecko) Chrome/90.0.4430.93 Safari/537.36"
68.194.112.101 - - [01/May/2021:20:19:27 +0000] "GET /static/main/images/intrologo.png HTTP/1.1" 200 15332 "https://honestynetwork.ca/" "Mozilla/5.0 (Windows NT 10.0; Win64; x64) AppleWebKit/537.36 (KHTML, like Gecko) Chrome/90.0.4430.93 Safari/537.36"
68.194.112.101 - - [01/May/2021:20:19:27 +0000] "GET /static/main/images/finfre.svg HTTP/1.1" 200 10696 "https://honestynetwork.ca/" "Mozilla/5.0 (Windows NT 10.0; Win64; x64) AppleWebKit/537.36 (KHTML, like Gecko) Chrome/90.0.4430.93 Safari/537.36"
104.244.210.124 - - [01/May/2021:20:19:46 +0000] "-" 408 3639 "-" "-"
49.37.145.100 - - [01/May/2021:20:32:17 +0000] "HEAD / HTTP/1.1" 200 3969 "-" "Wayback%20Machine%20Extension/19 CFNetwork/1240.0.1 Darwin/20.5.0"
49.37.145.100 - - [01/May/2021:20:32:17 +0000] "HEAD / HTTP/1.1" 200 3969 "-" "Wayback%20Machine%20Extension/19 CFNetwork/1240.0.1 Darwin/20.5.0"
74.120.14.53 - - [01/May/2021:20:34:49 +0000] "GET / HTTP/1.1" 200 6061 "-" "-"
74.120.14.53 - - [01/May/2021:20:34:49 +0000] "GET / HTTP/1.1" 200 4520 "-" "Mozilla/5.0 (compatible; CensysInspect/1.1; +https://about.censys.io/)"
172.58.139.182 - - [01/May/2021:22:11:50 +0000] "GET / HTTP/1.1" 200 5059 "-" "Mozilla/5.0 (Linux; Android 11) AppleWebKit/537.36 (KHTML, like Gecko) Version/4.0 Chrome/90.0.4430.91 Mobile DuckDuckGo/5 Safari/537.36"
172.58.139.182 - - [01/May/2021:22:11:52 +0000] "GET /static/main/css/materialize.css HTTP/1.1" 200 26928 "https://honestynetwork.ca/" "Mozilla/5.0 (Linux; Android 11) AppleWebKit/537.36 (KHTML, like Gecko) Version/4.0 Chrome/90.0.4430.91 Mobile DuckDuckGo/5 Safari/537.36"
172.58.139.182 - - [01/May/2021:22:11:52 +0000] "GET /static/main/images/intrologo.png HTTP/1.1" 200 15892 "https://honestynetwork.ca/" "Mozilla/5.0 (Linux; Android 11) AppleWebKit/537.36 (KHTML, like Gecko) Version/4.0 Chrome/90.0.4430.91 Mobile DuckDuckGo/5 Safari/537.36"
172.58.139.182 - - [01/May/2021:22:11:52 +0000] "GET /static/main/images/finfre.svg HTTP/1.1" 200 13776 "https://honestynetwork.ca/" "Mozilla/5.0 (Linux; Android 11) AppleWebKit/537.36 (KHTML, like Gecko) Version/4.0 Chrome/90.0.4430.91 Mobile DuckDuckGo/5 Safari/537.36"
172.58.139.182 - - [01/May/2021:22:11:52 +0000] "GET /static/main/js/bin/materialize.min.js HTTP/1.1" 200 43833 "https://honestynetwork.ca/" "Mozilla/5.0 (Linux; Android 11) AppleWebKit/537.36 (KHTML, like Gecko) Version/4.0 Chrome/90.0.4430.91 Mobile DuckDuckGo/5 Safari/537.36"
172.58.139.182 - - [01/May/2021:22:11:56 +0000] "GET /favicon.ico HTTP/1.1" 404 418 "https://honestynetwork.ca/" "Mozilla/5.0 (Linux; Android 11) AppleWebKit/537.36 (KHTML, like Gecko) Version/4.0 Chrome/90.0.4430.91 Mobile DuckDuckGo/5 Safari/537.36"
172.58.139.182 - - [01/May/2021:22:11:56 +0000] "GET /favicon.ico HTTP/1.1" 404 4058 "-" "Dalvik/2.1.0 (Linux; U; Android 11; SM-G970U1 Build/RP1A.200720.012)"
172.58.139.182 - - [01/May/2021:22:11:56 +0000] "GET /favicon.ico HTTP/1.1" 404 418 "-" "Dalvik/2.1.0 (Linux; U; Android 11; SM-G970U1 Build/RP1A.200720.012)"
68.194.112.101 - - [01/May/2021:22:15:49 +0000] "GET / HTTP/1.1" 200 5059 "-" "Mozilla/5.0 (Windows NT 10.0; Win64; x64) AppleWebKit/537.36 (KHTML, like Gecko) Chrome/90.0.4430.93 Safari/537.36"
68.194.112.101 - - [01/May/2021:22:15:51 +0000] "GET / HTTP/1.1" 200 1419 "https://honestynetwork.ca/" "Mozilla/5.0 (Windows NT 10.0; Win64; x64) AppleWebKit/537.36 (KHTML, like Gecko) Chrome/90.0.4430.93 Safari/537.36"
68.194.112.101 - - [01/May/2021:22:15:57 +0000] "GET /dashboardH HTTP/1.1" 404 4562 "-" "Mozilla/5.0 (Windows NT 10.0; Win64; x64) AppleWebKit/537.36 (KHTML, like Gecko) Chrome/90.0.4430.93 Safari/537.36"
45.155.205.84 - - [02/May/2021:00:14:42 +0000] "POST /vendor/phpunit/phpunit/src/Util/PHP/eval-stdin.php HTTP/1.1" 404 7644 "-" "Mozilla/5.0 (Windows NT 10.0; Win64; x64) AppleWebKit/537.36 (KHTML, like Gecko) Chrome/78.0.3904.108 Safari/537.36"
45.155.205.84 - - [02/May/2021:00:14:42 +0000] "POST /api/jsonws/invoke HTTP/1.1" 404 7545 "-" "Mozilla/5.0 (Windows NT 10.0; Win64; x64) AppleWebKit/537.36 (KHTML, like Gecko) Chrome/78.0.3904.108 Safari/537.36"
45.155.205.84 - - [02/May/2021:00:14:44 +0000] "GET /index.php?s=/Index/\\think\\app/invokefunction&function=call_user_func_array&vars[0]=md5&vars[1][]=HelloThinkPHP21 HTTP/1.1" 404 7639 "-" "Mozilla/5.0 (Windows NT 10.0; Win64; x64) AppleWebKit/537.36 (KHTML, like Gecko) Chrome/78.0.3904.108 Safari/537.36"
45.155.205.84 - - [02/May/2021:00:14:46 +0000] "GET /vendor/phpunit/phpunit/src/Util/PHP/eval-stdin.php HTTP/1.1" 404 7643 "-" "Mozilla/5.0 (Windows NT 10.0; Win64; x64) AppleWebKit/537.36 (KHTML, like Gecko) Chrome/78.0.3904.108 Safari/537.36"
45.155.205.84 - - [02/May/2021:00:14:46 +0000] "GET /?XDEBUG_SESSION_START=phpstorm HTTP/1.1" 200 4939 "-" "Mozilla/5.0 (Windows NT 10.0; Win64; x64) AppleWebKit/537.36 (KHTML, like Gecko) Chrome/78.0.3904.108 Safari/537.36"
45.155.205.84 - - [02/May/2021:00:14:47 +0000] "POST /mifs/.;/services/LogService HTTP/1.1" 404 7577 "https://104.237.129.42:443" "Mozilla/5.0 (Windows NT 10.0; Win64; x64) AppleWebKit/537.36 (KHTML, like Gecko) Chrome/78.0.3904.108 Safari/537.36"
45.155.205.84 - - [02/May/2021:00:14:48 +0000] "GET /console/ HTTP/1.1" 404 7517 "-" "Mozilla/5.0 (Windows NT 10.0; Win64; x64) AppleWebKit/537.36 (KHTML, like Gecko) Chrome/78.0.3904.108 Safari/537.36"
45.155.205.84 - - [02/May/2021:00:14:48 +0000] "GET /wp-content/plugins/wp-file-manager/readme.txt HTTP/1.1" 404 7628 "-" "Mozilla/5.0 (Windows NT 10.0; Win64; x64) AppleWebKit/537.36 (KHTML, like Gecko) Chrome/78.0.3904.108 Safari/537.36"
45.155.205.84 - - [02/May/2021:00:14:51 +0000] "POST /Autodiscover/Autodiscover.xml HTTP/1.1" 404 7581 "-" "Mozilla/5.0 (Windows NT 10.0; Win64; x64) AppleWebKit/537.36 (KHTML, like Gecko) Chrome/78.0.3904.108 Safari/537.36"
45.155.205.84 - - [02/May/2021:00:14:51 +0000] "GET /_ignition/execute-solution HTTP/1.1" 404 7571 "-" "Mozilla/5.0 (Windows NT 10.0; Win64; x64) AppleWebKit/537.36 (KHTML, like Gecko) Chrome/78.0.3904.108 Safari/537.36"
128.14.134.170 - - [02/May/2021:00:26:54 +0000] "GET /cgi-bin/config.exp HTTP/1.1" 404 6945 "-" "Mozilla/5.0 (Windows NT 10.0; Win64; x64) AppleWebKit/537.36 (KHTML, like Gecko) Chrome/60.0.3112.113 Safari/537.36"
184.105.247.195 - - [02/May/2021:01:27:56 +0000] "GET / HTTP/1.1" 200 6061 "-" "-"
193.118.53.218 - - [02/May/2021:02:25:11 +0000] "GET / HTTP/1.1" 200 4341 "-" "Mozilla/5.0 (Windows NT 10.0; Win64; x64) AppleWebKit/537.36 (KHTML, like Gecko) Chrome/60.0.3112.113 Safari/537.36"
213.32.122.82 - - [02/May/2021:03:58:30 +0000] "GET / HTTP/1.1" 200 6259 "-" "Mozilla/5.0 (Windows NT 6.1) AppleWebKit/537.36 (KHTML, like Gecko) Chrome/41.0.2228.0 Safari/537.36"
66.249.79.249 - - [02/May/2021:04:33:29 +0000] "GET /robots.txt HTTP/1.1" 404 4043 "-" "Mozilla/5.0 (compatible; Googlebot/2.1; +http://www.google.com/bot.html)"
66.249.79.251 - - [02/May/2021:04:33:29 +0000] "GET /register HTTP/1.1" 200 5669 "-" "Mozilla/5.0 (Linux; Android 6.0.1; Nexus 5X Build/MMB29P) AppleWebKit/537.36 (KHTML, like Gecko) Chrome/90.0.4430.84 Mobile Safari/537.36 (compatible; Googlebot/2.1; +http://www.google.com/bot.html)"
192.241.220.159 - - [02/May/2021:05:23:52 +0000] "GET /owa/auth/logon.aspx?url=https%3a%2f%2f1%2fecp%2f HTTP/1.1" 404 6977 "-" "Mozilla/5.0 zgrab/0.x"
162.62.133.40 - - [02/May/2021:07:29:25 +0000] "GET / HTTP/1.1" 200 6080 "-" "-"
162.62.133.40 - - [02/May/2021:07:29:37 +0000] "GET / HTTP/1.1" 200 6080 "-" "-"
139.162.145.250 - - [02/May/2021:07:29:44 +0000] "GET /bag2 HTTP/1.1" 404 6903 "-" "Mozilla/4.0 (compatible; MSIE 8.0; Windows NT 6.0; Trident/4.0)"
162.62.133.40 - - [02/May/2021:07:29:59 +0000] "GET / HTTP/1.0" 200 6080 "-" "-"
162.62.133.40 - - [02/May/2021:07:30:39 +0000] "HEAD / HTTP/1.0" 200 3261 "-" "-"
183.136.225.14 - - [02/May/2021:09:05:15 +0000] "GET / HTTP/1.1" 200 6296 "-" "Mozilla/5.0 (Macintosh; Intel Mac OS X 10.11; rv:47.0) Gecko/20100101 Firefox/47.0"
183.136.225.14 - - [02/May/2021:09:05:16 +0000] "GET / HTTP/1.1" 200 4360 "-" "Mozilla/5.0 (Windows NT 6.1; WOW64) AppleWebKit/537.36 (KHTML, like Gecko) Chrome/63.0.3239.132 Safari/537.36 QIHU 360SE"
183.136.225.14 - - [02/May/2021:09:05:17 +0000] "GET /favicon.ico HTTP/1.1" 404 3352 "-" "Mozilla/5.0 (Windows NT 6.1; WOW64) AppleWebKit/537.36 (KHTML, like Gecko) Chrome/63.0.3239.132 Safari/537.36 QIHU 360SE"
205.185.122.102 - - [02/May/2021:10:11:18 +0000] "GET / HTTP/1.0" 400 0 "-" "-"
66.249.79.247 - - [02/May/2021:10:35:39 +0000] "GET /register HTTP/1.1" 200 5668 "-" "Mozilla/5.0 (Linux; Android 6.0.1; Nexus 5X Build/MMB29P) AppleWebKit/537.36 (KHTML, like Gecko) Chrome/90.0.4430.84 Mobile Safari/537.36 (compatible; Googlebot/2.1; +http://www.google.com/bot.html)"
45.33.103.57 - - [02/May/2021:12:08:34 +0000] "GET /owa/ HTTP/1.1" 404 6903 "-" "Mozilla/5.0 (Windows NT 10.0; Win64; x64) AppleWebKit/537.36 (KHTML, like Gecko) Chrome/60.0.3112.113 Safari/537.36"
192.241.211.91 - - [02/May/2021:12:36:22 +0000] "GET / HTTP/1.1" 200 4341 "-" "Mozilla/5.0 zgrab/0.x"
49.37.145.100 - - [02/May/2021:12:49:39 +0000] "GET / HTTP/1.1" 200 5059 "-" "Mozilla/5.0 (Macintosh; Intel Mac OS X 11_4_0) AppleWebKit/537.36 (KHTML, like Gecko) Chrome/89.0.4389.105 Safari/537.36"
49.37.145.100 - - [02/May/2021:12:49:39 +0000] "GET /static/main/css/materialize.css HTTP/1.1" 200 26928 "https://honestynetwork.ca/" "Mozilla/5.0 (Macintosh; Intel Mac OS X 11_4_0) AppleWebKit/537.36 (KHTML, like Gecko) Chrome/89.0.4389.105 Safari/537.36"
49.37.145.100 - - [02/May/2021:12:49:39 +0000] "GET /static/main/js/bin/materialize.min.js HTTP/1.1" 200 46913 "https://honestynetwork.ca/" "Mozilla/5.0 (Macintosh; Intel Mac OS X 11_4_0) AppleWebKit/537.36 (KHTML, like Gecko) Chrome/89.0.4389.105 Safari/537.36"
49.37.145.100 - - [02/May/2021:12:49:40 +0000] "GET /static/main/images/intrologo.png HTTP/1.1" 200 15892 "https://honestynetwork.ca/" "Mozilla/5.0 (Macintosh; Intel Mac OS X 11_4_0) AppleWebKit/537.36 (KHTML, like Gecko) Chrome/89.0.4389.105 Safari/537.36"
49.37.145.100 - - [02/May/2021:12:49:40 +0000] "GET /static/main/images/finfre.svg HTTP/1.1" 200 10696 "https://honestynetwork.ca/" "Mozilla/5.0 (Macintosh; Intel Mac OS X 11_4_0) AppleWebKit/537.36 (KHTML, like Gecko) Chrome/89.0.4389.105 Safari/537.36"
49.37.145.100 - - [02/May/2021:12:49:42 +0000] "GET /favicon.ico HTTP/1.1" 404 418 "https://honestynetwork.ca/" "Mozilla/5.0 (Macintosh; Intel Mac OS X 11_4_0) AppleWebKit/537.36 (KHTML, like Gecko) Chrome/89.0.4389.105 Safari/537.36"
49.37.145.100 - - [02/May/2021:12:49:45 +0000] "GET /sets HTTP/1.1" 200 1357 "https://honestynetwork.ca/" "Mozilla/5.0 (Macintosh; Intel Mac OS X 11_4_0) AppleWebKit/537.36 (KHTML, like Gecko) Chrome/89.0.4389.105 Safari/537.36"
